Created TensorFlow Lite XNNPACK delegate for CPU.
Warning: disabling flag --expose_wasm due to conflicting flags
[7185:7185:0620/132841.606235:ERROR:atom_cache.cc(229)] Add chromium/from-privileged to kAtomsToCache
Warning: disabling flag --expose_wasm due to conflicting flags
[7185:7216:0620/140839.742207:ERROR:connection_factory_impl.cc(483)] ConnectionHandler failed with net error: -2
[7185:7216:0620/141706.388226:ERROR:connection_factory_impl.cc(434)] Failed to connect to MCS endpoint with error -331
